I'm sorry, but errors were detected in your script. Please correct the
errors listed below, and try again.


File "game/script.rpy", line 500: else clause expects a non-empty block.
    else:
         ^

Ren'Py Version: Ren'Py 8.0.3.22090809
Sun Oct 23 19:50:07 2022
